MSBuild version 17.13.9+e0f243f1e for .NET Framework

  sfml-system.vcxproj -> C:\dev\atomic_engine\build\_deps\sfml-build\lib\Release\sfml-system-2.dll
  sfml-audio.vcxproj -> C:\dev\atomic_engine\build\_deps\sfml-build\lib\Release\sfml-audio-2.dll
  sfml-window.vcxproj -> C:\dev\atomic_engine\build\_deps\sfml-build\lib\Release\sfml-window-2.dll
  sfml-graphics.vcxproj -> C:\dev\atomic_engine\build\_deps\sfml-build\lib\Release\sfml-graphics-2.dll
  sfml-network.vcxproj -> C:\dev\atomic_engine\build\_deps\sfml-build\lib\Release\sfml-network-2.dll
  main.cpp
  atomic_engine.vcxproj -> C:\dev\atomic_engine\build\Release\atomic_engine.exe
  sfml-main.vcxproj -> C:\dev\atomic_engine\build\_deps\sfml-build\lib\Release\sfml-main.lib
  Building Custom Rule C:/dev/atomic_engine/CMakeLists.txt
